Microchip MPLAB XC8 Compiler V1.33 ()

Linker command line:

--edf=C:\PROGRAM FILES (X86)\MICROCHIP\XC8\V1.33\dat\en_msgs.txt -cs \
  -h+dist/default/production\PICDS1307.X.production.sym \
  --cmf=dist/default/production\PICDS1307.X.production.cmf -z -Q18F45K50 \
  -oC:\Users\Z\AppData\Local\Temp\s2c8.6 \
  -Mdist/default/production/PICDS1307.X.production.map -E1 -ver=XC8 \
  -ASTACK=060h-07ffh -pstack=STACK -ACODE=00h-07FFFh -ACONST=00h-07FFFh \
  -ASMALLCONST=0800h-08FFhx120 -AMEDIUMCONST=0800h-07FFFh -ACOMRAM=01h-05Fh \
  -AABS1=00h-07FFh -ABIGRAM=01h-07FFh -ARAM=060h-0FFh,0100h-01FFhx7 \
  -ABANK0=060h-0FFh -ABANK1=0100h-01FFh -ABANK2=0200h-02FFh \
  -ABANK3=0300h-03FFh -ABANK4=0400h-04FFh -ABANK5=0500h-05FFh \
  -ABANK6=0600h-06FFh -ABANK7=0700h-07FFh -ASFR=0F53h-0F5Fh,0F60h-0FFFh \
  -preset_vec=00h,intcode,intcodelo,powerup,init,end_init -pramtop=0800h \
  -psmallconst=SMALLCONST -pmediumconst=MEDIUMCONST -pconst=CONST \
  -AFARRAM=00h-00h -ACONFIG=0300000h-030000Dh -pconfig=CONFIG \
  -AIDLOC=0200000h-0200007h -pidloc=IDLOC -AEEDATA=0F00000h-0F000FFh \
  -peeprom_data=EEDATA \
  -prdata=COMRAM,nvrram=COMRAM,nvbit=COMRAM,rbss=COMRAM,rbit=COMRAM \
  -pfarbss=FARRAM,fardata=FARRAM,nvFARRAM=FARRAM \
  -pintsave_regs=BIGRAM,bigbss=BIGRAM,bigdata=BIGRAM -pbss=RAM \
  -pidata=CODE,irdata=CODE,ibigdata=CODE,ifardata=CODE \
  C:\Users\Z\AppData\Local\Temp\s2c8.obj \
  dist/default/production\PICDS1307.X.production.obj 

Object code version is 3.11

Machine type is 18F45K50

Call graph: (short form)




                Name                               Link     Load   Length Selector   Space Scale
C:\Users\Z\AppData\Local\Temp\s2c8.obj
                end_init                              0        0        4        0       0
                idloc                            200000   200000        8   200000       0
                config                           300000   300000        E   300000       0
dist/default/production\PICDS1307.X.production.obj
                smallconst                          800      800       48      400       0
                text16                             14C8     14C8       1A      424       0
                text15                             150A     150A       10      424       0
                text14                             1534     1534        6      424       0
                text13                             1394     1394       58      424       0
                text12                             14E2     14E2       16      424       0
                text11                             13EC     13EC       52      424       0
                text10                             143E     143E       42      424       0
                text9                              14A8     14A8       20      424       0
                text8                              14F8     14F8       12      424       0
                text7                              151A     151A        E      424       0
                text6                               FB0      FB0      1B8      424       0
                text5                              1480     1480       28      424       0
                text4                              131C     131C       78      424       0
                text3                               C84      C84      32C      424       0
                text2                              1278     1278       A4      424       0
                text1                               848      848      43C      424       0
                text0                              1168     1168      110      424       0
                cstackCOMRAM                          1        1       3E        1       1
                bssCOMRAM                            3F       3F        1        1       1
                cinit                              1528     1528        C      424       0

TOTAL           Name                               Link     Load   Length     Space
        CLASS   STACK          

        CLASS   CODE           
                end_init                              0        0        4         0
                text16                             14C8     14C8       1A         0
                text15                             150A     150A       10         0
                text14                             1534     1534        6         0
                text13                             1394     1394       58         0
                text12                             14E2     14E2       16         0
                text11                             13EC     13EC       52         0
                text10                             143E     143E       42         0
                text9                              14A8     14A8       20         0
                text8                              14F8     14F8       12         0
                text7                              151A     151A        E         0
                text6                               FB0      FB0      1B8         0
                text5                              1480     1480       28         0
                text4                              131C     131C       78         0
                text3                               C84      C84      32C         0
                text2                              1278     1278       A4         0
                text1                               848      848      43C         0
                text0                              1168     1168      110         0
                cinit                              1528     1528        C         0

        CLASS   CONST          

        CLASS   SMALLCONST     
                smallconst                          800      800       48         0

        CLASS   MEDIUMCONST    

        CLASS   COMRAM         
                cstackCOMRAM                          1        1       3E         1
                bssCOMRAM                            3F       3F        1         1

        CLASS   ABS1           

        CLASS   BIGRAM         

        CLASS   RAM            

        CLASS   BANK0          

        CLASS   BANK1          

        CLASS   BANK2          

        CLASS   BANK3          

        CLASS   BANK4          

        CLASS   BANK5          

        CLASS   BANK6          

        CLASS   BANK7          

        CLASS   SFR            

        CLASS   FARRAM         

        CLASS   CONFIG         
                config                           300000   300000        E         0

        CLASS   IDLOC          
                idloc                            200000   200000        8         0

        CLASS   EEDATA         



SEGMENTS        Name                           Load    Length   Top    Selector   Space  Class

                reset_vec                      000000  000004  000004         0       0  CODE    
                cstackCOMRAM                   000001  00003F  000040         1       1  COMRAM  
                smallconst                     000800  000048  000848       400       0  SMALLCON
                text1                          000848  000CF2  00153A       424       0  CODE    
                idloc                          200000  000008  200008    200000       0  IDLOC   
                config                         300000  00000E  30000E    300000       0  CONFIG  


UNUSED ADDRESS RANGES

        Name                Unused          Largest block    Delta
        BANK0            000060-0000FF               A0
        BANK1            000100-0001FF              100
        BANK2            000200-0002FF              100
        BANK3            000300-0003FF              100
        BANK4            000400-0004FF              100
        BANK5            000500-0005FF              100
        BANK6            000600-0006FF              100
        BANK7            000700-0007FF              100
        BIGRAM           000040-0007FF              7C0
        CODE             000004-0007FF              7FC
                         00153A-007FFF             6AC6
        COMRAM           000040-00005F               20
        CONST            000004-0007FF              7FC
                         00153A-007FFF             6AC6
        EEDATA           F00000-F000FF              100
        MEDIUMCONST      00153A-007FFF             6AC6
        RAM              000060-0007FF              100
        SFR              000F53-000FFF                D
        SMALLCONST       00153A-007FFF              100
        STACK            000060-0007FF              7A0

                                  Symbol Table

?___awdiv                  cstackCOMRAM 000001
?___lwdiv                  cstackCOMRAM 000001
?___lwmod                  cstackCOMRAM 000008
?_printf                   cstackCOMRAM 00001B
Open1USART@config          cstackCOMRAM 000006
Open1USART@spbrg           cstackCOMRAM 000001
OpenI2C1@slew              cstackCOMRAM 000001
OpenI2C1@sync_mode         cstackCOMRAM 000002
Write1USART@data           cstackCOMRAM 000001
WriteI2C1@data_out         cstackCOMRAM 000002
_OSCCON                    (abs)        000FD3
_Open1USART                text13       001394
_OpenI2C1                  text16       0014C8
_PIE1bits                  (abs)        000F9D
_PIR1bits                  (abs)        000F9E
_RCSTA1                    (abs)        000FAB
_RCSTA1bits                (abs)        000FAB
_ReadI2C1                  text5        001480
_SPBRG1                    (abs)        000FAF
_SPBRGH1                   (abs)        000FB0
_SSP1ADD                   (abs)        000FC8
_SSP1BUF                   (abs)        000FC9
_SSP1CON1                  (abs)        000FC6
_SSP1CON1bits              (abs)        000FC6
_SSP1CON2                  (abs)        000FC5
_SSP1CON2bits              (abs)        000FC5
_SSP1STAT                  (abs)        000FC7
_SSP1STATbits              (abs)        000FC7
_TXREG1                    (abs)        000FAD
_TXSTA1                    (abs)        000FAC
_TXSTA1bits                (abs)        000FAC
_USART1_Status             bssCOMRAM    00003F
_Write1USART               text8        0014F8
_WriteI2C1                 text4        00131C
__CFG_BOREN$SBORDIS        (abs)        000000
__CFG_BORV$190             (abs)        000000
__CFG_CCP2MX$RC1           (abs)        000000
__CFG_CFGPLLEN$OFF         (abs)        000000
__CFG_CP0$OFF              (abs)        000000
__CFG_CP1$OFF              (abs)        000000
__CFG_CP2$OFF              (abs)        000000
__CFG_CP3$OFF              (abs)        000000
__CFG_CPB$OFF              (abs)        000000
__CFG_CPD$OFF              (abs)        000000
__CFG_CPUDIV$NOCLKDIV      (abs)        000000
__CFG_EBTR0$OFF            (abs)        000000
__CFG_EBTR1$OFF            (abs)        000000
__CFG_EBTR2$OFF            (abs)        000000
__CFG_EBTR3$OFF            (abs)        000000
__CFG_EBTRB$OFF            (abs)        000000
__CFG_FCMEN$OFF            (abs)        000000
__CFG_FOSC$INTOSCIO        (abs)        000000
__CFG_ICPRT$OFF            (abs)        000000
__CFG_IESO$OFF             (abs)        000000
__CFG_LS48MHZ$SYS24X4      (abs)        000000
__CFG_LVP$OFF              (abs)        000000
__CFG_MCLRE$ON             (abs)        000000
__CFG_PBADEN$OFF           (abs)        000000
__CFG_PCLKEN$ON            (abs)        000000
__CFG_PLLSEL$PLL4X         (abs)        000000
__CFG_SDOMX$RB3            (abs)        000000
__CFG_STVREN$ON            (abs)        000000
__CFG_T3CMX$RC0            (abs)        000000
__CFG_WDTEN$ON             (abs)        000000
__CFG_WDTPS$32768          (abs)        000000
__CFG_WRT0$OFF             (abs)        000000
__CFG_WRT1$OFF             (abs)        000000
__CFG_WRT2$OFF             (abs)        000000
__CFG_WRT3$OFF             (abs)        000000
__CFG_WRTB$OFF             (abs)        000000
__CFG_WRTC$OFF             (abs)        000000
__CFG_WRTD$OFF             (abs)        000000
__CFG_XINST$OFF            (abs)        000000
__CFG_nLPBOR$OFF           (abs)        000000
__CFG_nPWRTEN$OFF          (abs)        000000
__HRAM                     (abs)        000000
__Habs1                    abs1         000000
__Hbank0                   bank0        000000
__Hbank1                   bank1        000000
__Hbank2                   bank2        000000
__Hbank3                   bank3        000000
__Hbank4                   bank4        000000
__Hbank5                   bank5        000000
__Hbank6                   bank6        000000
__Hbank7                   bank7        000000
__Hbigbss                  bigbss       000000
__Hbigdata                 bigdata      000000
__Hbigram                  bigram       000000
__Hbss                     bss          000000
__HbssCOMRAM               bssCOMRAM    000000
__Hcinit                   cinit        000000
__Hclrtext                 clrtext      000000
__Hcomram                  comram       000000
__Hconfig                  config       30000E
__Hconst                   const        000000
__HcstackCOMRAM            cstackCOMRAM 000000
__Hdata                    data         000000
__Heeprom_data             eeprom_data  000000
__Hend_init                end_init     000004
__Hfarbss                  farbss       000000
__Hfardata                 fardata      000000
__Hibigdata                ibigdata     000000
__Hidata                   idata        000000
__Hidloc                   idloc        200008
__Hifardata                ifardata     000000
__Hinit                    init         000000
__Hintcode                 intcode      000000
__Hintcode_body            intcode_body 000000
__Hintcodelo               intcodelo    000000
__Hintentry                intentry     000000
__Hintret                  intret       000000
__Hintsave_regs            intsave_regs 000000
__Hirdata                  irdata       000000
__Hmediumconst             mediumconst  000000
__HnvFARRAM                nvFARRAM     000000
__Hnvbit                   nvbit        000000
__Hnvrram                  nvrram       000000
__Hparam                   rparam       000000
__Hpowerup                 powerup      000000
__Hram                     ram          000000
__Hramtop                  ramtop       000800
__Hrbit                    rbit         000000
__Hrbss                    rbss         000000
__Hrdata                   rdata        000000
__Hreset_vec               reset_vec    000000
__Hrparam                  rparam       000000
__Hsfr                     sfr          000000
__Hsmallconst              smallconst   000848
__Hspace_0                 (abs)        30000E
__Hspace_1                 (abs)        000040
__Hspace_2                 (abs)        000000
__Hstack                   stack        000000
__Hstruct                  struct       000000
__Htemp                    temp         000000
__Htext                    text         000000
__Htext0                   text0        000000
__Htext1                   text1        000000
__Htext10                  text10       000000
__Htext11                  text11       000000
__Htext12                  text12       000000
__Htext13                  text13       000000
__Htext14                  text14       000000
__Htext15                  text15       000000
__Htext16                  text16       000000
__Htext2                   text2        000000
__Htext3                   text3        000000
__Htext4                   text4        000000
__Htext5                   text5        000000
__Htext6                   text6        000000
__Htext7                   text7        000000
__Htext8                   text8        000000
__Htext9                   text9        000000
__LRAM                     (abs)        000001
__Labs1                    abs1         000000
__Lbank0                   bank0        000000
__Lbank1                   bank1        000000
__Lbank2                   bank2        000000
__Lbank3                   bank3        000000
__Lbank4                   bank4        000000
__Lbank5                   bank5        000000
__Lbank6                   bank6        000000
__Lbank7                   bank7        000000
__Lbigbss                  bigbss       000000
__Lbigdata                 bigdata      000000
__Lbigram                  bigram       000000
__Lbss                     bss          000000
__LbssCOMRAM               bssCOMRAM    000000
__Lcinit                   cinit        000000
__Lclrtext                 clrtext      000000
__Lcomram                  comram       000000
__Lconfig                  config       300000
__Lconst                   const        000000
__LcstackCOMRAM            cstackCOMRAM 000000
__Ldata                    data         000000
__Leeprom_data             eeprom_data  000000
__Lend_init                end_init     000000
__Lfarbss                  farbss       000000
__Lfardata                 fardata      000000
__Libigdata                ibigdata     000000
__Lidata                   idata        000000
__Lidloc                   idloc        200000
__Lifardata                ifardata     000000
__Linit                    init         000000
__Lintcode                 intcode      000000
__Lintcode_body            intcode_body 000000
__Lintcodelo               intcodelo    000000
__Lintentry                intentry     000000
__Lintret                  intret       000000
__Lintsave_regs            intsave_regs 000000
__Lirdata                  irdata       000000
__Lmediumconst             mediumconst  000000
__LnvFARRAM                nvFARRAM     000000
__Lnvbit                   nvbit        000000
__Lnvrram                  nvrram       000000
__Lparam                   rparam       000000
__Lpowerup                 powerup      000000
__Lram                     ram          000000
__Lramtop                  ramtop       000800
__Lrbit                    rbit         000000
__Lrbss                    rbss         000000
__Lrdata                   rdata        000000
__Lreset_vec               reset_vec    000000
__Lrparam                  rparam       000000
__Lsfr                     sfr          000000
__Lsmallconst              smallconst   000800
__Lspace_0                 (abs)        000000
__Lspace_1                 (abs)        000000
__Lspace_2                 (abs)        000000
__Lstack                   stack        000000
__Lstruct                  struct       000000
__Ltemp                    temp         000000
__Ltext                    text         000000
__Ltext0                   text0        000000
__Ltext1                   text1        000000
__Ltext10                  text10       000000
__Ltext11                  text11       000000
__Ltext12                  text12       000000
__Ltext13                  text13       000000
__Ltext14                  text14       000000
__Ltext15                  text15       000000
__Ltext16                  text16       000000
__Ltext2                   text2        000000
__Ltext3                   text3        000000
__Ltext4                   text4        000000
__Ltext5                   text5        000000
__Ltext6                   text6        000000
__Ltext7                   text7        000000
__Ltext8                   text8        000000
__Ltext9                   text9        000000
__S0                       (abs)        30000E
__S1                       (abs)        000040
__S2                       (abs)        000000
___awdiv                   text2        001278
___awdiv@counter           cstackCOMRAM 000005
___awdiv@dividend          cstackCOMRAM 000001
___awdiv@divisor           cstackCOMRAM 000003
___awdiv@quotient          cstackCOMRAM 000007
___awdiv@sign              cstackCOMRAM 000006
___inthi_sp                stack        000000
___intlo_sp                stack        000000
___lwdiv                   text11       0013EC
___lwdiv@counter           cstackCOMRAM 000007
___lwdiv@dividend          cstackCOMRAM 000001
___lwdiv@divisor           cstackCOMRAM 000003
___lwdiv@quotient          cstackCOMRAM 000005
___lwmod                   text10       00143E
___lwmod@counter           cstackCOMRAM 00000C
___lwmod@dividend          cstackCOMRAM 000008
___lwmod@divisor           cstackCOMRAM 00000A
___sp                      stack        000000
__accesstop                (abs)        000060
__activetblptr             (abs)        000002
__end_of_Open1USART        text13       0013EC
__end_of_OpenI2C1          text16       0014E2
__end_of_ReadI2C1          text5        0014A8
__end_of_Write1USART       text8        00150A
__end_of_WriteI2C1         text4        001394
__end_of___awdiv           text2        00131C
__end_of___lwdiv           text11       00143E
__end_of___lwmod           text10       001480
__end_of__initialization   cinit        00152A
__end_of__stringdata       smallconst   000846
__end_of_configDS1307      text15       00151A
__end_of_configOscillator  text14       00153A
__end_of_configUSART       text12       0014F8
__end_of_dpowers           smallconst   00080B
__end_of_isdigit           text9        0014C8
__end_of_main              text0        001278
__end_of_printf            text6        001168
__end_of_putch             text7        001528
__end_of_rtc_get_time      text3        000FB0
__end_of_rtc_set_time      text1        000C84
__initialization           cinit        001528
__mediumconst              mediumconst  000000
__pbssCOMRAM               bssCOMRAM    00003F
__pcinit                   cinit        001528
__pcstackCOMRAM            cstackCOMRAM 000001
__psmallconst              smallconst   000800
__ptext0                   text0        001168
__ptext1                   text1        000848
__ptext10                  text10       00143E
__ptext11                  text11       0013EC
__ptext12                  text12       0014E2
__ptext13                  text13       001394
__ptext14                  text14       001534
__ptext15                  text15       00150A
__ptext16                  text16       0014C8
__ptext2                   text2        001278
__ptext3                   text3        000C84
__ptext4                   text4        00131C
__ptext5                   text5        001480
__ptext6                   text6        000FB0
__ptext7                   text7        00151A
__ptext8                   text8        0014F8
__ptext9                   text9        0014A8
__ramtop                   ramtop       000800
__size_of_Open1USART       (abs)        000000
__size_of_OpenI2C1         (abs)        000000
__size_of_ReadI2C1         (abs)        000000
__size_of_Write1USART      (abs)        000000
__size_of_WriteI2C1        (abs)        000000
__size_of___awdiv          (abs)        000000
__size_of___lwdiv          (abs)        000000
__size_of___lwmod          (abs)        000000
__size_of_configDS1307     (abs)        000000
__size_of_configOscillator (abs)        000000
__size_of_configUSART      (abs)        000000
__size_of_isdigit          (abs)        000000
__size_of_main             (abs)        000000
__size_of_printf           (abs)        000000
__size_of_putch            (abs)        000000
__size_of_rtc_get_time     (abs)        000000
__size_of_rtc_set_time     (abs)        000000
__smallconst               smallconst   000800
__stringdata               smallconst   00080B
_configDS1307              text15       00150A
_configOscillator          text14       001534
_configUSART               text12       0014E2
_dpowers                   smallconst   000801
_isdigit                   text9        0014A8
_isdigit$1735              cstackCOMRAM 000002
_main                      text0        001168
_printf                    text6        000FB0
_putch                     text7        00151A
_rtc_get_time              text3        000C84
_rtc_set_time              text1        000848
configUSART@config         cstackCOMRAM 000007
configUSART@spbrg          cstackCOMRAM 000008
end_of_initialization      cinit        00152A
intlevel0                  text         000000
intlevel1                  text         000000
intlevel2                  text         000000
intlevel3                  text         000000
isdigit@c                  cstackCOMRAM 000003
main@date                  cstackCOMRAM 00003C
main@day                   cstackCOMRAM 000038
main@delay                 cstackCOMRAM 000036
main@hour                  cstackCOMRAM 00003B
main@min                   cstackCOMRAM 00003A
main@month                 cstackCOMRAM 00003D
main@sec                   cstackCOMRAM 000039
main@year                  cstackCOMRAM 00003E
printf@_val                cstackCOMRAM 00002E
printf@ap                  cstackCOMRAM 00002B
printf@c                   cstackCOMRAM 000034
printf@f                   cstackCOMRAM 00001B
printf@flag                cstackCOMRAM 00002D
printf@prec                cstackCOMRAM 000033
putch@data                 cstackCOMRAM 000002
rtc_get_time@date          cstackCOMRAM 00000B
rtc_get_time@day           cstackCOMRAM 000009
rtc_get_time@hours         cstackCOMRAM 000007
rtc_get_time@minutes       cstackCOMRAM 000005
rtc_get_time@month         cstackCOMRAM 00000D
rtc_get_time@seconds       cstackCOMRAM 000003
rtc_get_time@temp          cstackCOMRAM 000012
rtc_get_time@year          cstackCOMRAM 00000F
rtc_set_time@date          cstackCOMRAM 000011
rtc_set_time@day           cstackCOMRAM 00000F
rtc_set_time@hours         cstackCOMRAM 00000D
rtc_set_time@minutes       cstackCOMRAM 00000B
rtc_set_time@month         cstackCOMRAM 000013
rtc_set_time@seconds       cstackCOMRAM 000009
rtc_set_time@temp          cstackCOMRAM 000019
rtc_set_time@temp1         cstackCOMRAM 00001A
rtc_set_time@year          cstackCOMRAM 000015
stackhi                    (abs)        0007FF
stacklo                    (abs)        000060
start                      init         000000
start_initialization       cinit        001528


FUNCTION INFORMATION:

 *************** function _main *****************
 Defined at:
		line 57 in file "PICDS1307.c"
 Parameters:    Size  Location     Type
		None
 Auto vars:     Size  Location     Type
  delay           2   53[COMRAM] int 
  year            1   61[COMRAM] unsigned char 
  month           1   60[COMRAM] unsigned char 
  date            1   59[COMRAM] unsigned char 
  hour            1   58[COMRAM] unsigned char 
  min             1   57[COMRAM] unsigned char 
  sec             1   56[COMRAM] unsigned char 
  day             1   55[COMRAM] unsigned char 
 Return value:  Size  Location     Type
		None               void
 Registers used:
		wreg, fsr2l, fsr2h, status,2, status,0, tblptrl, tblptrh, tblptru, prodl, prodh, cstack
 Tracked objects:
		On entry : 
		On exit  : 
		Unchanged: 
 Data sizes:     COMRAM   BANK0   BANK1   BANK2   BANK3   BANK4   BANK5   BANK6   BANK7
      Params:         0       0       0       0       0       0       0       0       0
      Locals:         9       0       0       0       0       0       0       0       0
      Temps:          1       0       0       0       0       0       0       0       0
      Totals:        10       0       0       0       0       0       0       0       0
Total ram usage:       10 bytes
 Hardware stack levels required when called:    3
 This function calls:
		_configDS1307
		_configOscillator
		_configUSART
		_printf
		_rtc_get_time
		_rtc_set_time
 This function is called by:
		Startup code after reset
 This function uses a non-reentrant model


 *************** function _rtc_set_time *****************
 Defined at:
		line 45 in file "DS1307LIB/rtc-ds1307.c"
 Parameters:    Size  Location     Type
  seconds         2    8[COMRAM] PTR unsigned char 
		 -> main@sec(1), 
  minutes         2   10[COMRAM] PTR unsigned char 
		 -> main@min(1), 
  hours           2   12[COMRAM] PTR unsigned char 
		 -> main@hour(1), 
  day             2   14[COMRAM] PTR unsigned char 
		 -> main@day(1), 
  date            2   16[COMRAM] PTR unsigned char 
		 -> main@date(1), 
  month           2   18[COMRAM] PTR unsigned char 
		 -> main@month(1), 
  year            2   20[COMRAM] PTR unsigned char 
		 -> main@year(1), 
 Auto vars:     Size  Location     Type
  temp1           1   25[COMRAM] unsigned char 
  temp            1   24[COMRAM] unsigned char 
 Return value:  Size  Location     Type
                  1    wreg      unsigned char 
 Registers used:
		wreg, fsr2l, fsr2h, status,2, status,0, prodl, prodh, cstack
 Tracked objects:
		On entry : 
		On exit  : 
		Unchanged: 
 Data sizes:     COMRAM   BANK0   BANK1   BANK2   BANK3   BANK4   BANK5   BANK6   BANK7
      Params:        14       0       0       0       0       0       0       0       0
      Locals:         2       0       0       0       0       0       0       0       0
      Temps:          2       0       0       0       0       0       0       0       0
      Totals:        18       0       0       0       0       0       0       0       0
Total ram usage:       18 bytes
 Hardware stack levels used:    1
 Hardware stack levels required when called:    1
 This function calls:
		_WriteI2C1
		___awdiv
 This function is called by:
		_main
 This function uses a non-reentrant model


 *************** function ___awdiv *****************
 Defined at:
		line 8 in file "C:\PROGRAM FILES (X86)\MICROCHIP\XC8\V1.33\sources\common\awdiv.c"
 Parameters:    Size  Location     Type
  dividend        2    0[COMRAM] int 
  divisor         2    2[COMRAM] int 
 Auto vars:     Size  Location     Type
  quotient        2    6[COMRAM] int 
  sign            1    5[COMRAM] unsigned char 
  counter         1    4[COMRAM] unsigned char 
 Return value:  Size  Location     Type
                  2    0[COMRAM] int 
 Registers used:
		wreg, status,2, status,0, prodl
 Tracked objects:
		On entry : 
		On exit  : 
		Unchanged: 
 Data sizes:     COMRAM   BANK0   BANK1   BANK2   BANK3   BANK4   BANK5   BANK6   BANK7
      Params:         4       0       0       0       0       0       0       0       0
      Locals:         4       0       0       0       0       0       0       0       0
      Temps:          0       0       0       0       0       0       0       0       0
      Totals:         8       0       0       0       0       0       0       0       0
Total ram usage:        8 bytes
 Hardware stack levels used:    1
 This function calls:
		Nothing
 This function is called by:
		_rtc_set_time
 This function uses a non-reentrant model


 *************** function _rtc_get_time *****************
 Defined at:
		line 206 in file "DS1307LIB/rtc-ds1307.c"
 Parameters:    Size  Location     Type
  seconds         2    2[COMRAM] PTR unsigned char 
		 -> main@sec(1), 
  minutes         2    4[COMRAM] PTR unsigned char 
		 -> main@min(1), 
  hours           2    6[COMRAM] PTR unsigned char 
		 -> main@hour(1), 
  day             2    8[COMRAM] PTR unsigned char 
		 -> main@day(1), 
  date            2   10[COMRAM] PTR unsigned char 
		 -> main@date(1), 
  month           2   12[COMRAM] PTR unsigned char 
		 -> main@month(1), 
  year            2   14[COMRAM] PTR unsigned char 
		 -> main@year(1), 
 Auto vars:     Size  Location     Type
  temp            1   17[COMRAM] unsigned char 
 Return value:  Size  Location     Type
                  1    wreg      unsigned char 
 Registers used:
		wreg, fsr2l, fsr2h, status,2, status,0, prodl, prodh, cstack
 Tracked objects:
		On entry : 
		On exit  : 
		Unchanged: 
 Data sizes:     COMRAM   BANK0   BANK1   BANK2   BANK3   BANK4   BANK5   BANK6   BANK7
      Params:        14       0       0       0       0       0       0       0       0
      Locals:         1       0       0       0       0       0       0       0       0
      Temps:          1       0       0       0       0       0       0       0       0
      Totals:        16       0       0       0       0       0       0       0       0
Total ram usage:       16 bytes
 Hardware stack levels used:    1
 Hardware stack levels required when called:    1
 This function calls:
		_ReadI2C1
		_WriteI2C1
 This function is called by:
		_main
 This function uses a non-reentrant model


 *************** function _WriteI2C1 *****************
 Defined at:
		line 12 in file "C:\PROGRAM FILES (X86)\MICROCHIP\XC8\V1.33\sources\pic18\plib\i2c\i2c1writ.c"
 Parameters:    Size  Location     Type
  data_out        1    wreg     unsigned char 
 Auto vars:     Size  Location     Type
  data_out        1    1[COMRAM] unsigned char 
 Return value:  Size  Location     Type
                  1    wreg      char 
 Registers used:
		wreg, status,2, status,0
 Tracked objects:
		On entry : 
		On exit  : 
		Unchanged: 
 Data sizes:     COMRAM   BANK0   BANK1   BANK2   BANK3   BANK4   BANK5   BANK6   BANK7
      Params:         0       0       0       0       0       0       0       0       0
      Locals:         1       0       0       0       0       0       0       0       0
      Temps:          1       0       0       0       0       0       0       0       0
      Totals:         2       0       0       0       0       0       0       0       0
Total ram usage:        2 bytes
 Hardware stack levels used:    1
 This function calls:
		Nothing
 This function is called by:
		_rtc_set_time
		_rtc_get_time
 This function uses a non-reentrant model


 *************** function _ReadI2C1 *****************
 Defined at:
		line 11 in file "C:\PROGRAM FILES (X86)\MICROCHIP\XC8\V1.33\sources\pic18\plib\i2c\i2c1read.c"
 Parameters:    Size  Location     Type
		None
 Auto vars:     Size  Location     Type
		None
 Return value:  Size  Location     Type
                  1    wreg      unsigned char 
 Registers used:
		wreg, status,2, status,0
 Tracked objects:
		On entry : 
		On exit  : 
		Unchanged: 
 Data sizes:     COMRAM   BANK0   BANK1   BANK2   BANK3   BANK4   BANK5   BANK6   BANK7
      Params:         0       0       0       0       0       0       0       0       0
      Locals:         0       0       0       0       0       0       0       0       0
      Temps:          1       0       0       0       0       0       0       0       0
      Totals:         1       0       0       0       0       0       0       0       0
Total ram usage:        1 bytes
 Hardware stack levels used:    1
 This function calls:
		Nothing
 This function is called by:
		_rtc_get_time
 This function uses a non-reentrant model


 *************** function _printf *****************
 Defined at:
		line 464 in file "C:\PROGRAM FILES (X86)\MICROCHIP\XC8\V1.33\sources\common\doprnt.c"
 Parameters:    Size  Location     Type
  f               2   26[COMRAM] PTR const unsigned char 
		 -> STR_2(30), STR_1(29), 
 Auto vars:     Size  Location     Type
  _val            5   45[COMRAM] struct .
  ap              2   42[COMRAM] PTR void [1]
		 -> ?_printf(2), 
  c               1   51[COMRAM] char 
  prec            1   50[COMRAM] char 
  flag            1   44[COMRAM] unsigned char 
 Return value:  Size  Location     Type
                  2   26[COMRAM] int 
 Registers used:
		wreg, fsr2l, fsr2h, status,2, status,0, tblptrl, tblptrh, tblptru, prodl, prodh, cstack
 Tracked objects:
		On entry : 
		On exit  : 
		Unchanged: 
 Data sizes:     COMRAM   BANK0   BANK1   BANK2   BANK3   BANK4   BANK5   BANK6   BANK7
      Params:        14       0       0       0       0       0       0       0       0
      Locals:        10       0       0       0       0       0       0       0       0
      Temps:          2       0       0       0       0       0       0       0       0
      Totals:        26       0       0       0       0       0       0       0       0
Total ram usage:       26 bytes
 Hardware stack levels used:    1
 Hardware stack levels required when called:    2
 This function calls:
		___lwdiv
		___lwmod
		_isdigit
		_putch
 This function is called by:
		_main
 This function uses a non-reentrant model


 *************** function _putch *****************
 Defined at:
		line 50 in file "PICDS1307.c"
 Parameters:    Size  Location     Type
  data            1    wreg     unsigned char 
 Auto vars:     Size  Location     Type
  data            1    1[COMRAM] unsigned char 
 Return value:  Size  Location     Type
		None               void
 Registers used:
		wreg, status,2, cstack
 Tracked objects:
		On entry : 
		On exit  : 
		Unchanged: 
 Data sizes:     COMRAM   BANK0   BANK1   BANK2   BANK3   BANK4   BANK5   BANK6   BANK7
      Params:         0       0       0       0       0       0       0       0       0
      Locals:         1       0       0       0       0       0       0       0       0
      Temps:          0       0       0       0       0       0       0       0       0
      Totals:         1       0       0       0       0       0       0       0       0
Total ram usage:        1 bytes
 Hardware stack levels used:    1
 Hardware stack levels required when called:    1
 This function calls:
		_Write1USART
 This function is called by:
		_printf
 This function uses a non-reentrant model


 *************** function _Write1USART *****************
 Defined at:
		line 14 in file "C:\PROGRAM FILES (X86)\MICROCHIP\XC8\V1.33\sources\pic18\plib\USART\u1write.c"
 Parameters:    Size  Location     Type
  data            1    wreg     unsigned char 
 Auto vars:     Size  Location     Type
  data            1    0[COMRAM] unsigned char 
 Return value:  Size  Location     Type
		None               void
 Registers used:
		wreg
 Tracked objects:
		On entry : 
		On exit  : 
		Unchanged: 
 Data sizes:     COMRAM   BANK0   BANK1   BANK2   BANK3   BANK4   BANK5   BANK6   BANK7
      Params:         0       0       0       0       0       0       0       0       0
      Locals:         1       0       0       0       0       0       0       0       0
      Temps:          0       0       0       0       0       0       0       0       0
      Totals:         1       0       0       0       0       0       0       0       0
Total ram usage:        1 bytes
 Hardware stack levels used:    1
 This function calls:
		Nothing
 This function is called by:
		_putch
 This function uses a non-reentrant model


 *************** function _isdigit *****************
 Defined at:
		line 8 in file "C:\PROGRAM FILES (X86)\MICROCHIP\XC8\V1.33\sources\common\isdigit.c"
 Parameters:    Size  Location     Type
  c               1    wreg     unsigned char 
 Auto vars:     Size  Location     Type
  c               1    2[COMRAM] unsigned char 
 Return value:  Size  Location     Type
		None               void
 Registers used:
		wreg, status,2, status,0
 Tracked objects:
		On entry : 
		On exit  : 
		Unchanged: 
 Data sizes:     COMRAM   BANK0   BANK1   BANK2   BANK3   BANK4   BANK5   BANK6   BANK7
      Params:         0       0       0       0       0       0       0       0       0
      Locals:         2       0       0       0       0       0       0       0       0
      Temps:          1       0       0       0       0       0       0       0       0
      Totals:         3       0       0       0       0       0       0       0       0
Total ram usage:        3 bytes
 Hardware stack levels used:    1
 This function calls:
		Nothing
 This function is called by:
		_printf
 This function uses a non-reentrant model


 *************** function ___lwmod *****************
 Defined at:
		line 8 in file "C:\PROGRAM FILES (X86)\MICROCHIP\XC8\V1.33\sources\common\lwmod.c"
 Parameters:    Size  Location     Type
  dividend        2    7[COMRAM] unsigned int 
  divisor         2    9[COMRAM] unsigned int 
 Auto vars:     Size  Location     Type
  counter         1   11[COMRAM] unsigned char 
 Return value:  Size  Location     Type
                  2    7[COMRAM] unsigned int 
 Registers used:
		wreg, status,2, status,0
 Tracked objects:
		On entry : 
		On exit  : 
		Unchanged: 
 Data sizes:     COMRAM   BANK0   BANK1   BANK2   BANK3   BANK4   BANK5   BANK6   BANK7
      Params:         4       0       0       0       0       0       0       0       0
      Locals:         1       0       0       0       0       0       0       0       0
      Temps:          0       0       0       0       0       0       0       0       0
      Totals:         5       0       0       0       0       0       0       0       0
Total ram usage:        5 bytes
 Hardware stack levels used:    1
 This function calls:
		Nothing
 This function is called by:
		_printf
 This function uses a non-reentrant model


 *************** function ___lwdiv *****************
 Defined at:
		line 8 in file "C:\PROGRAM FILES (X86)\MICROCHIP\XC8\V1.33\sources\common\lwdiv.c"
 Parameters:    Size  Location     Type
  dividend        2    0[COMRAM] unsigned int 
  divisor         2    2[COMRAM] unsigned int 
 Auto vars:     Size  Location     Type
  quotient        2    4[COMRAM] unsigned int 
  counter         1    6[COMRAM] unsigned char 
 Return value:  Size  Location     Type
                  2    0[COMRAM] unsigned int 
 Registers used:
		wreg, status,2, status,0
 Tracked objects:
		On entry : 
		On exit  : 
		Unchanged: 
 Data sizes:     COMRAM   BANK0   BANK1   BANK2   BANK3   BANK4   BANK5   BANK6   BANK7
      Params:         4       0       0       0       0       0       0       0       0
      Locals:         3       0       0       0       0       0       0       0       0
      Temps:          0       0       0       0       0       0       0       0       0
      Totals:         7       0       0       0       0       0       0       0       0
Total ram usage:        7 bytes
 Hardware stack levels used:    1
 This function calls:
		Nothing
 This function is called by:
		_printf
 This function uses a non-reentrant model


 *************** function _configUSART *****************
 Defined at:
		line 32 in file "PICDS1307.c"
 Parameters:    Size  Location     Type
		None
 Auto vars:     Size  Location     Type
  spbrg           1    7[COMRAM] unsigned char 
  config          1    6[COMRAM] unsigned char 
 Return value:  Size  Location     Type
		None               void
 Registers used:
		wreg, status,2, cstack
 Tracked objects:
		On entry : 
		On exit  : 
		Unchanged: 
 Data sizes:     COMRAM   BANK0   BANK1   BANK2   BANK3   BANK4   BANK5   BANK6   BANK7
      Params:         0       0       0       0       0       0       0       0       0
      Locals:         2       0       0       0       0       0       0       0       0
      Temps:          0       0       0       0       0       0       0       0       0
      Totals:         2       0       0       0       0       0       0       0       0
Total ram usage:        2 bytes
 Hardware stack levels used:    1
 Hardware stack levels required when called:    1
 This function calls:
		_Open1USART
 This function is called by:
		_main
 This function uses a non-reentrant model


 *************** function _Open1USART *****************
 Defined at:
		line 124 in file "C:\PROGRAM FILES (X86)\MICROCHIP\XC8\V1.33\sources\pic18\plib\USART\u1open.c"
 Parameters:    Size  Location     Type
  config          1    wreg     unsigned char 
  spbrg           2    0[COMRAM] unsigned int 
 Auto vars:     Size  Location     Type
  config          1    5[COMRAM] unsigned char 
 Return value:  Size  Location     Type
		None               void
 Registers used:
		wreg, status,2
 Tracked objects:
		On entry : 
		On exit  : 
		Unchanged: 
 Data sizes:     COMRAM   BANK0   BANK1   BANK2   BANK3   BANK4   BANK5   BANK6   BANK7
      Params:         2       0       0       0       0       0       0       0       0
      Locals:         1       0       0       0       0       0       0       0       0
      Temps:          3       0       0       0       0       0       0       0       0
      Totals:         6       0       0       0       0       0       0       0       0
Total ram usage:        6 bytes
 Hardware stack levels used:    1
 This function calls:
		Nothing
 This function is called by:
		_configUSART
 This function uses a non-reentrant model


 *************** function _configOscillator *****************
 Defined at:
		line 17 in file "PICDS1307.c"
 Parameters:    Size  Location     Type
		None
 Auto vars:     Size  Location     Type
		None
 Return value:  Size  Location     Type
		None               void
 Registers used:
		wreg, status,2
 Tracked objects:
		On entry : 
		On exit  : 
		Unchanged: 
 Data sizes:     COMRAM   BANK0   BANK1   BANK2   BANK3   BANK4   BANK5   BANK6   BANK7
      Params:         0       0       0       0       0       0       0       0       0
      Locals:         0       0       0       0       0       0       0       0       0
      Temps:          0       0       0       0       0       0       0       0       0
      Totals:         0       0       0       0       0       0       0       0       0
Total ram usage:        0 bytes
 Hardware stack levels used:    1
 This function calls:
		Nothing
 This function is called by:
		_main
 This function uses a non-reentrant model


 *************** function _configDS1307 *****************
 Defined at:
		line 44 in file "PICDS1307.c"
 Parameters:    Size  Location     Type
		None
 Auto vars:     Size  Location     Type
		None
 Return value:  Size  Location     Type
		None               void
 Registers used:
		wreg, status,2, status,0, cstack
 Tracked objects:
		On entry : 
		On exit  : 
		Unchanged: 
 Data sizes:     COMRAM   BANK0   BANK1   BANK2   BANK3   BANK4   BANK5   BANK6   BANK7
      Params:         0       0       0       0       0       0       0       0       0
      Locals:         0       0       0       0       0       0       0       0       0
      Temps:          0       0       0       0       0       0       0       0       0
      Totals:         0       0       0       0       0       0       0       0       0
Total ram usage:        0 bytes
 Hardware stack levels used:    1
 Hardware stack levels required when called:    1
 This function calls:
		_OpenI2C1
 This function is called by:
		_main
 This function uses a non-reentrant model


 *************** function _OpenI2C1 *****************
 Defined at:
		line 29 in file "C:\PROGRAM FILES (X86)\MICROCHIP\XC8\V1.33\sources\pic18\plib\i2c\i2c1open.c"
 Parameters:    Size  Location     Type
  sync_mode       1    wreg     unsigned char 
  slew            1    0[COMRAM] unsigned char 
 Auto vars:     Size  Location     Type
  sync_mode       1    1[COMRAM] unsigned char 
 Return value:  Size  Location     Type
		None               void
 Registers used:
		wreg, status,2, status,0
 Tracked objects:
		On entry : 
		On exit  : 
		Unchanged: 
 Data sizes:     COMRAM   BANK0   BANK1   BANK2   BANK3   BANK4   BANK5   BANK6   BANK7
      Params:         1       0       0       0       0       0       0       0       0
      Locals:         1       0       0       0       0       0       0       0       0
      Temps:          0       0       0       0       0       0       0       0       0
      Totals:         2       0       0       0       0       0       0       0       0
Total ram usage:        2 bytes
 Hardware stack levels used:    1
 This function calls:
		Nothing
 This function is called by:
		_configDS1307
 This function uses a non-reentrant model



MODULE INFORMATION

Module		Function		Class		Link	Load	Size
PICDS1307.c
		_configUSART   		CODE           	14E2	0000	22
		_configOscillat		CODE           	1534	0000	6
		_putch         		CODE           	151A	0000	14
		_main          		CODE           	1168	0000	272
		_configDS1307  		CODE           	150A	0000	16

PICDS1307.c estimated size: 330

DS1307LIB/rtc-ds1307.c
		_rtc_get_time  		CODE           	0C84	0000	812
		_rtc_set_time  		CODE           	0848	0000	1084

DS1307LIB/rtc-ds1307.c estimated size: 1896

C:\PROGRAM FILES (X86)\MICROCHIP\XC8\V1.33\sources\pic18\plib\i2c\i2c1read.c
		_ReadI2C1      		CODE           	1480	0000	40

C:\PROGRAM FILES (X86)\MICROCHIP\XC8\V1.33\sources\pic18\plib\i2c\i2c1read.c estimated size: 40

C:\PROGRAM FILES (X86)\MICROCHIP\XC8\V1.33\sources\pic18\plib\USART\u1write.c
		_Write1USART   		CODE           	14F8	0000	18

C:\PROGRAM FILES (X86)\MICROCHIP\XC8\V1.33\sources\pic18\plib\USART\u1write.c estimated size: 18

C:\PROGRAM FILES (X86)\MICROCHIP\XC8\V1.33\sources\common\isdigit.c
		_isdigit       		CODE           	14A8	0000	32

C:\PROGRAM FILES (X86)\MICROCHIP\XC8\V1.33\sources\common\isdigit.c estimated size: 32

C:\PROGRAM FILES (X86)\MICROCHIP\XC8\V1.33\sources\common\lwmod.c
		___lwmod       		CODE           	143E	0000	66

C:\PROGRAM FILES (X86)\MICROCHIP\XC8\V1.33\sources\common\lwmod.c estimated size: 66

shared
		__stringdata   		SMALLCONST     	080B	0000	59
		_dpowers       		SMALLCONST     	0801	0000	10
		__initializatio		CODE           	1528	0000	2

shared estimated size: 71

C:\PROGRAM FILES (X86)\MICROCHIP\XC8\V1.33\sources\pic18\plib\i2c\i2c1open.c
		_OpenI2C1      		CODE           	14C8	0000	26

C:\PROGRAM FILES (X86)\MICROCHIP\XC8\V1.33\sources\pic18\plib\i2c\i2c1open.c estimated size: 26

C:\PROGRAM FILES (X86)\MICROCHIP\XC8\V1.33\sources\common\doprnt.c
		_printf        		CODE           	0FB0	0000	440

C:\PROGRAM FILES (X86)\MICROCHIP\XC8\V1.33\sources\common\doprnt.c estimated size: 440

C:\PROGRAM FILES (X86)\MICROCHIP\XC8\V1.33\sources\pic18\plib\i2c\i2c1writ.c
		_WriteI2C1     		CODE           	131C	0000	120

C:\PROGRAM FILES (X86)\MICROCHIP\XC8\V1.33\sources\pic18\plib\i2c\i2c1writ.c estimated size: 120

C:\PROGRAM FILES (X86)\MICROCHIP\XC8\V1.33\sources\pic18\plib\USART\u1open.c
		_Open1USART    		CODE           	1394	0000	88

C:\PROGRAM FILES (X86)\MICROCHIP\XC8\V1.33\sources\pic18\plib\USART\u1open.c estimated size: 88

C:\PROGRAM FILES (X86)\MICROCHIP\XC8\V1.33\sources\common\lwdiv.c
		___lwdiv       		CODE           	13EC	0000	82

C:\PROGRAM FILES (X86)\MICROCHIP\XC8\V1.33\sources\common\lwdiv.c estimated size: 82

C:\PROGRAM FILES (X86)\MICROCHIP\XC8\V1.33\sources\common\awdiv.c
		___awdiv       		CODE           	1278	0000	164

C:\PROGRAM FILES (X86)\MICROCHIP\XC8\V1.33\sources\common\awdiv.c estimated size: 164

