Microchip MPLAB XC8 Compiler V1.33 ()

Linker command line:

--edf=C:\Program Files (x86)\Microchip\xc8\v1.33\dat\en_msgs.txt -cs \
  -h+dist/default/production\PICSD.X.production.sym \
  --cmf=dist/default/production\PICSD.X.production.cmf -z -Q18F45K50 \
  -oC:\Users\Arcade\AppData\Local\Temp\s4rs.6 \
  -Mdist/default/production/PICSD.X.production.map -E1 -ver=XC8 \
  -ASTACK=060h-03ffh -pstack=STACK -ACODE=00h-07FFFh -ACONST=00h-07FFFh \
  -ASMALLCONST=0800h-08FFhx120 -AMEDIUMCONST=0800h-07FFFh -ACOMRAM=01h-05Fh \
  -AABS1=00h-07FFh -ABIGRAM=01h-07FFh -ARAM=060h-0FFh,0100h-01FFhx7 \
  -ABANK0=060h-0FFh -ABANK1=0100h-01FFh -ABANK2=0200h-02FFh \
  -ABANK3=0300h-03FFh -ABANK4=0400h-04FFh -ABANK5=0500h-05FFh \
  -ABANK6=0600h-06FFh -ABANK7=0700h-07FFh -ASFR=0F53h-0F5Fh,0F60h-0FFFh \
  -preset_vec=00h,intcode,intcodelo,powerup,init,end_init -pramtop=0800h \
  -psmallconst=SMALLCONST -pmediumconst=MEDIUMCONST -pconst=CONST \
  -AFARRAM=00h-00h -ACONFIG=0300000h-030000Dh -pconfig=CONFIG \
  -AIDLOC=0200000h-0200007h -pidloc=IDLOC -AEEDATA=0F00000h-0F000FFh \
  -peeprom_data=EEDATA \
  -prdata=COMRAM,nvrram=COMRAM,nvbit=COMRAM,rbss=COMRAM,rbit=COMRAM \
  -pfarbss=FARRAM,fardata=FARRAM,nvFARRAM=FARRAM \
  -pintsave_regs=BIGRAM,bigbss=BIGRAM,bigdata=BIGRAM -pbss=RAM \
  -pidata=CODE,irdata=CODE,ibigdata=CODE,ifardata=CODE \
  C:\Users\Arcade\AppData\Local\Temp\s4rs.obj \
  dist/default/production\PICSD.X.production.obj 

Object code version is 3.11

Machine type is 18F45K50

Call graph: (short form)




                Name                               Link     Load   Length Selector   Space Scale
C:\Users\Arcade\AppData\Local\Temp\s4rs.obj
                end_init                              0        0        4        0       0
                idloc                            200000   200000        8   200000       0
                config                           300000   300000        E   300000       0
dist/default/production\PICSD.X.production.obj
                mediumconst                        7E70     7E70      190     3F38       0
                text18                             767A     767A        6     3B3D       0
                text17                             784C     784C       58     3C26       0
                text16                             76A0     76A0       16     3B50       0
                text15                             7676     7676        4     3B3B       0
                text14                             76CE     76CE       1C     3B67       0
                text13                             76EA     76EA       1E     3B75       0
                text12                             77FA     77FA       52     3BFD       0
                text11                             776E     776E       42     3BB7       0
                text10                             7748     7748       26     3BA4       0
                text9                              7708     7708       20     3B84       0
                text8                              768E     768E       12     3B47       0
                text7                              7680     7680        E     3B40       0
                text6                              7BC2     7BC2      2AE     3DE1       0
                text5                              79B4     79B4       B0     3CDA       0
                text4                              7A64     7A64      15E     3D32       0
                text3                              76B6     76B6       18     3B5B       0
                text2                              7912     7912       A2     3C89       0
                text1                              78A4     78A4       6E     3C52       0
                text0                              77B0     77B0       4A     3BD8       0
                cstackCOMRAM                          1        1       38        1       1
                bssBIGRAM                           400      400      400      400       1
                bssCOMRAM                            39       39        1        1       1
                cinit                              7728     7728       20     3B94       0

TOTAL           Name                               Link     Load   Length     Space
        CLASS   STACK          

        CLASS   CODE           
                end_init                              0        0        4         0
                text18                             767A     767A        6         0
                text17                             784C     784C       58         0
                text16                             76A0     76A0       16         0
                text15                             7676     7676        4         0
                text14                             76CE     76CE       1C         0
                text13                             76EA     76EA       1E         0
                text12                             77FA     77FA       52         0
                text11                             776E     776E       42         0
                text10                             7748     7748       26         0
                text9                              7708     7708       20         0
                text8                              768E     768E       12         0
                text7                              7680     7680        E         0
                text6                              7BC2     7BC2      2AE         0
                text5                              79B4     79B4       B0         0
                text4                              7A64     7A64      15E         0
                text3                              76B6     76B6       18         0
                text2                              7912     7912       A2         0
                text1                              78A4     78A4       6E         0
                text0                              77B0     77B0       4A         0
                cinit                              7728     7728       20         0

        CLASS   CONST          

        CLASS   SMALLCONST     

        CLASS   MEDIUMCONST    
                mediumconst                        7E70     7E70      190         0

        CLASS   COMRAM         
                cstackCOMRAM                          1        1       38         1
                bssCOMRAM                            39       39        1         1

        CLASS   ABS1           

        CLASS   BIGRAM         
                bssBIGRAM                           400      400      400         1

        CLASS   RAM            

        CLASS   BANK0          

        CLASS   BANK1          

        CLASS   BANK2          

        CLASS   BANK3          

        CLASS   BANK4          

        CLASS   BANK5          

        CLASS   BANK6          

        CLASS   BANK7          

        CLASS   SFR            

        CLASS   FARRAM         

        CLASS   CONFIG         
                config                           300000   300000        E         0

        CLASS   IDLOC          
                idloc                            200000   200000        8         0

        CLASS   EEDATA         



SEGMENTS        Name                           Load    Length   Top    Selector   Space  Class

                reset_vec                      000000  000004  000004         0       0  CODE    
                cstackCOMRAM                   000001  000039  00003A         1       1  COMRAM  
                bssBIGRAM                      000400  000400  000800       400       1  BIGRAM  
                text15                         007676  000004  00767A      3B3B       0  CODE    
                text18                         00767A  000006  007680      3B3D       0  CODE    
                text7                          007680  00000E  00768E      3B40       0  CODE    
                text8                          00768E  000012  0076A0      3B47       0  CODE    
                text16                         0076A0  000016  0076B6      3B50       0  CODE    
                text3                          0076B6  000018  0076CE      3B5B       0  CODE    
                text14                         0076CE  00001C  0076EA      3B67       0  CODE    
                text13                         0076EA  00001E  007708      3B75       0  CODE    
                text9                          007708  000020  007728      3B84       0  CODE    
                cinit                          007728  000020  007748      3B94       0  CODE    
                text10                         007748  000026  00776E      3BA4       0  CODE    
                text11                         00776E  000042  0077B0      3BB7       0  CODE    
                text0                          0077B0  00004A  0077FA      3BD8       0  CODE    
                text12                         0077FA  000052  00784C      3BFD       0  CODE    
                text17                         00784C  000058  0078A4      3C26       0  CODE    
                text1                          0078A4  00006E  007912      3C52       0  CODE    
                text2                          007912  0000A2  0079B4      3C89       0  CODE    
                text5                          0079B4  0000B0  007A64      3CDA       0  CODE    
                text4                          007A64  00015E  007BC2      3D32       0  CODE    
                text6                          007BC2  0002AE  007E70      3DE1       0  CODE    
                mediumconst                    007E70  000190  008000      3F38       0  MEDIUMCO
                idloc                          200000  000008  200008    200000       0  IDLOC   
                config                         300000  00000E  30000E    300000       0  CONFIG  


UNUSED ADDRESS RANGES

        Name                Unused          Largest block    Delta
        BANK0            000060-0000FF               A0
        BANK1            000100-0001FF              100
        BANK2            000200-0002FF              100
        BANK3            000300-0003FF              100
        BIGRAM           00003A-0003FF              3C6
        CODE             000004-007675             7672
        COMRAM           00003A-00005F               26
        CONST            000004-007675             7672
        EEDATA           F00000-F000FF              100
        MEDIUMCONST      000800-007675             6E76
        RAM              000060-0003FF              100
        SFR              000F53-000FFF                D
        SMALLCONST       000800-007675              100
        STACK            000060-0003FF              3A0

                                  Symbol Table

?___lwdiv                     cstackCOMRAM 000001
?___lwmod                     cstackCOMRAM 000008
?___wmul                      cstackCOMRAM 000001
?_printf                      cstackCOMRAM 00000D
Open1USART@config             cstackCOMRAM 000006
Open1USART@spbrg              cstackCOMRAM 000001
SD_Init@Count                 cstackCOMRAM 00002D
SPI_MC_Write@TempVar          cstackCOMRAM 000001
SPI_MC_Write@data_out         cstackCOMRAM 000002
SPI_send_cmd@arg              cstackCOMRAM 000024
SPI_send_cmd@cmd              cstackCOMRAM 000029
SPI_send_cmd@res              cstackCOMRAM 00002B
SPI_send_cmd@retry            cstackCOMRAM 00002A
Write1USART@data              cstackCOMRAM 000001
_LATBbits                     (abs)        000F8A
_OSCCON                       (abs)        000FD3
_Open1USART                   text17       00784C
_PIE1bits                     (abs)        000F9D
_PIR1bits                     (abs)        000F9E
_RCSTA1                       (abs)        000FAB
_RCSTA1bits                   (abs)        000FAB
_SD_Init                      text4        007A64
_SPBRG1                       (abs)        000FAF
_SPBRGH1                      (abs)        000FB0
_SPI_MC_Close                 text15       007676
_SPI_MC_Initialize            text14       0076CE
_SPI_MC_Write                 text13       0076EA
_SPI_send_cmd                 text5        0079B4
_SSP1BUF                      (abs)        000FC9
_SSP1CON1                     (abs)        000FC6
_SSP1CON1bits                 (abs)        000FC6
_SSP1STATbits                 (abs)        000FC7
_TRISBbits                    (abs)        000F93
_TXREG1                       (abs)        000FAD
_TXSTA1                       (abs)        000FAC
_TXSTA1bits                   (abs)        000FAC
_USART1_Status                bssCOMRAM    000039
_Write1USART                  text8        00768E
__CFG_BOREN$SBORDIS           (abs)        000000
__CFG_BORV$190                (abs)        000000
__CFG_CCP2MX$RC1              (abs)        000000
__CFG_CFGPLLEN$OFF            (abs)        000000
__CFG_CP0$OFF                 (abs)        000000
__CFG_CP1$OFF                 (abs)        000000
__CFG_CP2$OFF                 (abs)        000000
__CFG_CP3$OFF                 (abs)        000000
__CFG_CPB$OFF                 (abs)        000000
__CFG_CPD$OFF                 (abs)        000000
__CFG_CPUDIV$NOCLKDIV         (abs)        000000
__CFG_EBTR0$OFF               (abs)        000000
__CFG_EBTR1$OFF               (abs)        000000
__CFG_EBTR2$OFF               (abs)        000000
__CFG_EBTR3$OFF               (abs)        000000
__CFG_EBTRB$OFF               (abs)        000000
__CFG_FCMEN$OFF               (abs)        000000
__CFG_FOSC$INTOSCIO           (abs)        000000
__CFG_ICPRT$OFF               (abs)        000000
__CFG_IESO$OFF                (abs)        000000
__CFG_LS48MHZ$SYS24X4         (abs)        000000
__CFG_LVP$OFF                 (abs)        000000
__CFG_MCLRE$ON                (abs)        000000
__CFG_PBADEN$OFF              (abs)        000000
__CFG_PCLKEN$ON               (abs)        000000
__CFG_PLLSEL$PLL4X            (abs)        000000
__CFG_SDOMX$RB3               (abs)        000000
__CFG_STVREN$ON               (abs)        000000
__CFG_T3CMX$RC0               (abs)        000000
__CFG_WDTEN$ON                (abs)        000000
__CFG_WDTPS$32768             (abs)        000000
__CFG_WRT0$OFF                (abs)        000000
__CFG_WRT1$OFF                (abs)        000000
__CFG_WRT2$OFF                (abs)        000000
__CFG_WRT3$OFF                (abs)        000000
__CFG_WRTB$OFF                (abs)        000000
__CFG_WRTC$OFF                (abs)        000000
__CFG_WRTD$OFF                (abs)        000000
__CFG_XINST$OFF               (abs)        000000
__CFG_nLPBOR$OFF              (abs)        000000
__CFG_nPWRTEN$OFF             (abs)        000000
__HRAM                        (abs)        000000
__Habs1                       abs1         000000
__Hbank0                      bank0        000000
__Hbank1                      bank1        000000
__Hbank2                      bank2        000000
__Hbank3                      bank3        000000
__Hbank4                      bank4        000000
__Hbank5                      bank5        000000
__Hbank6                      bank6        000000
__Hbank7                      bank7        000000
__Hbigbss                     bigbss       000000
__Hbigdata                    bigdata      000000
__Hbigram                     bigram       000000
__Hbss                        bss          000000
__HbssBIGRAM                  bssBIGRAM    000000
__HbssCOMRAM                  bssCOMRAM    000000
__Hcinit                      cinit        000000
__Hclrtext                    clrtext      000000
__Hcomram                     comram       000000
__Hconfig                     config       30000E
__Hconst                      const        000000
__HcstackCOMRAM               cstackCOMRAM 000000
__Hdata                       data         000000
__Heeprom_data                eeprom_data  000000
__Hend_init                   end_init     000004
__Hfarbss                     farbss       000000
__Hfardata                    fardata      000000
__Hibigdata                   ibigdata     000000
__Hidata                      idata        000000
__Hidloc                      idloc        200008
__Hifardata                   ifardata     000000
__Hinit                       init         000000
__Hintcode                    intcode      000000
__Hintcode_body               intcode_body 000000
__Hintcodelo                  intcodelo    000000
__Hintentry                   intentry     000000
__Hintret                     intret       000000
__Hintsave_regs               intsave_regs 000000
__Hirdata                     irdata       000000
__Hmediumconst                mediumconst  008000
__HnvFARRAM                   nvFARRAM     000000
__Hnvbit                      nvbit        000000
__Hnvrram                     nvrram       000000
__Hparam                      rparam       000000
__Hpowerup                    powerup      000000
__Hram                        ram          000000
__Hramtop                     ramtop       000800
__Hrbit                       rbit         000000
__Hrbss                       rbss         000000
__Hrdata                      rdata        000000
__Hreset_vec                  reset_vec    000000
__Hrparam                     rparam       000000
__Hsfr                        sfr          000000
__Hsmallconst                 smallconst   000000
__Hspace_0                    (abs)        30000E
__Hspace_1                    (abs)        000800
__Hspace_2                    (abs)        000000
__Hstack                      stack        000000
__Hstruct                     struct       000000
__Htemp                       temp         000000
__Htext                       text         000000
__Htext0                      text0        000000
__Htext1                      text1        000000
__Htext10                     text10       000000
__Htext11                     text11       000000
__Htext12                     text12       000000
__Htext13                     text13       000000
__Htext14                     text14       000000
__Htext15                     text15       000000
__Htext16                     text16       000000
__Htext17                     text17       000000
__Htext18                     text18       000000
__Htext2                      text2        000000
__Htext3                      text3        000000
__Htext4                      text4        000000
__Htext5                      text5        000000
__Htext6                      text6        000000
__Htext7                      text7        000000
__Htext8                      text8        000000
__Htext9                      text9        000000
__LRAM                        (abs)        000001
__Labs1                       abs1         000000
__Lbank0                      bank0        000000
__Lbank1                      bank1        000000
__Lbank2                      bank2        000000
__Lbank3                      bank3        000000
__Lbank4                      bank4        000000
__Lbank5                      bank5        000000
__Lbank6                      bank6        000000
__Lbank7                      bank7        000000
__Lbigbss                     bigbss       000000
__Lbigdata                    bigdata      000000
__Lbigram                     bigram       000000
__Lbss                        bss          000000
__LbssBIGRAM                  bssBIGRAM    000000
__LbssCOMRAM                  bssCOMRAM    000000
__Lcinit                      cinit        000000
__Lclrtext                    clrtext      000000
__Lcomram                     comram       000000
__Lconfig                     config       300000
__Lconst                      const        000000
__LcstackCOMRAM               cstackCOMRAM 000000
__Ldata                       data         000000
__Leeprom_data                eeprom_data  000000
__Lend_init                   end_init     000000
__Lfarbss                     farbss       000000
__Lfardata                    fardata      000000
__Libigdata                   ibigdata     000000
__Lidata                      idata        000000
__Lidloc                      idloc        200000
__Lifardata                   ifardata     000000
__Linit                       init         000000
__Lintcode                    intcode      000000
__Lintcode_body               intcode_body 000000
__Lintcodelo                  intcodelo    000000
__Lintentry                   intentry     000000
__Lintret                     intret       000000
__Lintsave_regs               intsave_regs 000000
__Lirdata                     irdata       000000
__Lmediumconst                mediumconst  007E70
__LnvFARRAM                   nvFARRAM     000000
__Lnvbit                      nvbit        000000
__Lnvrram                     nvrram       000000
__Lparam                      rparam       000000
__Lpowerup                    powerup      000000
__Lram                        ram          000000
__Lramtop                     ramtop       000800
__Lrbit                       rbit         000000
__Lrbss                       rbss         000000
__Lrdata                      rdata        000000
__Lreset_vec                  reset_vec    000000
__Lrparam                     rparam       000000
__Lsfr                        sfr          000000
__Lsmallconst                 smallconst   000000
__Lspace_0                    (abs)        000000
__Lspace_1                    (abs)        000000
__Lspace_2                    (abs)        000000
__Lstack                      stack        000000
__Lstruct                     struct       000000
__Ltemp                       temp         000000
__Ltext                       text         000000
__Ltext0                      text0        000000
__Ltext1                      text1        000000
__Ltext10                     text10       000000
__Ltext11                     text11       000000
__Ltext12                     text12       000000
__Ltext13                     text13       000000
__Ltext14                     text14       000000
__Ltext15                     text15       000000
__Ltext16                     text16       000000
__Ltext17                     text17       000000
__Ltext18                     text18       000000
__Ltext2                      text2        000000
__Ltext3                      text3        000000
__Ltext4                      text4        000000
__Ltext5                      text5        000000
__Ltext6                      text6        000000
__Ltext7                      text7        000000
__Ltext8                      text8        000000
__Ltext9                      text9        000000
__S0                          (abs)        30000E
__S1                          (abs)        000800
__S2                          (abs)        000000
___inthi_sp                   stack        000000
___intlo_sp                   stack        000000
___lwdiv                      text12       0077FA
___lwdiv@counter              cstackCOMRAM 000007
___lwdiv@dividend             cstackCOMRAM 000001
___lwdiv@divisor              cstackCOMRAM 000003
___lwdiv@quotient             cstackCOMRAM 000005
___lwmod                      text11       00776E
___lwmod@counter              cstackCOMRAM 00000C
___lwmod@dividend             cstackCOMRAM 000008
___lwmod@divisor              cstackCOMRAM 00000A
___sp                         stack        000000
___wmul                       text10       007748
___wmul@multiplicand          cstackCOMRAM 000003
___wmul@multiplier            cstackCOMRAM 000001
___wmul@product               cstackCOMRAM 000005
__accesstop                   (abs)        000060
__activetblptr                (abs)        000002
__end_of_Open1USART           text17       0078A4
__end_of_SD_Init              text4        007BC2
__end_of_SPI_MC_Close         text15       00767A
__end_of_SPI_MC_Initialize    text14       0076EA
__end_of_SPI_MC_Write         text13       007708
__end_of_SPI_send_cmd         text5        007A64
__end_of_Write1USART          text8        0076A0
__end_of___lwdiv              text12       00784C
__end_of___lwmod              text11       0077B0
__end_of___wmul               text10       00776E
__end_of__initialization      cinit        00773E
__end_of__stringdata          mediumconst  007FFF
__end_of_configOscillator     text18       007680
__end_of_configUSART          text16       0076B6
__end_of_disk_initialize      text3        0076CE
__end_of_disk_readsector      text1        007912
__end_of_disk_readsectordata  text2        0079B4
__end_of_dpowers              mediumconst  007E7B
__end_of_hexpowers            mediumconst  007E83
__end_of_isdigit              text9        007728
__end_of_main                 text0        0077FA
__end_of_printf               text6        007E70
__end_of_putch                text7        00768E
__initialization              cinit        007728
__mediumconst                 mediumconst  007E70
__pbssBIGRAM                  bssBIGRAM    000400
__pbssCOMRAM                  bssCOMRAM    000039
__pcinit                      cinit        007728
__pcstackCOMRAM               cstackCOMRAM 000001
__pmediumconst                mediumconst  007E70
__ptext0                      text0        0077B0
__ptext1                      text1        0078A4
__ptext10                     text10       007748
__ptext11                     text11       00776E
__ptext12                     text12       0077FA
__ptext13                     text13       0076EA
__ptext14                     text14       0076CE
__ptext15                     text15       007676
__ptext16                     text16       0076A0
__ptext17                     text17       00784C
__ptext18                     text18       00767A
__ptext2                      text2        007912
__ptext3                      text3        0076B6
__ptext4                      text4        007A64
__ptext5                      text5        0079B4
__ptext6                      text6        007BC2
__ptext7                      text7        007680
__ptext8                      text8        00768E
__ptext9                      text9        007708
__ramtop                      ramtop       000800
__size_of_Open1USART          (abs)        000000
__size_of_SD_Init             (abs)        000000
__size_of_SPI_MC_Close        (abs)        000000
__size_of_SPI_MC_Initialize   (abs)        000000
__size_of_SPI_MC_Write        (abs)        000000
__size_of_SPI_send_cmd        (abs)        000000
__size_of_Write1USART         (abs)        000000
__size_of___lwdiv             (abs)        000000
__size_of___lwmod             (abs)        000000
__size_of___wmul              (abs)        000000
__size_of_configOscillator    (abs)        000000
__size_of_configUSART         (abs)        000000
__size_of_disk_initialize     (abs)        000000
__size_of_disk_readsector     (abs)        000000
__size_of_disk_readsectordata (abs)        000000
__size_of_isdigit             (abs)        000000
__size_of_main                (abs)        000000
__size_of_printf              (abs)        000000
__size_of_putch               (abs)        000000
__smallconst                  smallconst   000000
__stringdata                  mediumconst  007E83
_configOscillator             text18       00767A
_configUSART                  text16       0076A0
_disk_initialize              text3        0076B6
_disk_readsector              text1        0078A4
_disk_readsectordata          text2        007912
_dpowers                      mediumconst  007E71
_hexpowers                    mediumconst  007E7B
_isdigit                      text9        007708
_isdigit$1326                 cstackCOMRAM 000002
_main                         text0        0077B0
_printf                       text6        007BC2
_putch                        text7        007680
_secdata                      bssBIGRAM    000400
configUSART@config            cstackCOMRAM 000007
configUSART@spbrg             cstackCOMRAM 000008
disk_readsector@res           cstackCOMRAM 000034
disk_readsector@sec           cstackCOMRAM 00002C
disk_readsectordata@res       cstackCOMRAM 000025
disk_readsectordata@x         cstackCOMRAM 000026
disk_readsectordata@x_303     cstackCOMRAM 000028
diskio@secdata                bssBIGRAM    000600
end_of_initialization         cinit        00773E
intlevel0                     text         000000
intlevel1                     text         000000
intlevel2                     text         000000
intlevel3                     text         000000
isdigit@c                     cstackCOMRAM 000003
main@sec                      cstackCOMRAM 000035
printf@_val                   cstackCOMRAM 00001B
printf@ap                     cstackCOMRAM 000017
printf@c                      cstackCOMRAM 000023
printf@f                      cstackCOMRAM 00000D
printf@flag                   cstackCOMRAM 000020
printf@idx                    cstackCOMRAM 000019
printf@prec                   cstackCOMRAM 00001A
printf@width                  cstackCOMRAM 000021
putch@data                    cstackCOMRAM 000002
stackhi                       (abs)        0003FF
stacklo                       (abs)        000060
start                         init         000000
start_initialization          cinit        007728


FUNCTION INFORMATION:

 *************** function _main *****************
 Defined at:
		line 116 in file "PICSD.c"
 Parameters:    Size  Location     Type
		None
 Auto vars:     Size  Location     Type
  sec             4   52[COMRAM] unsigned long 
 Return value:  Size  Location     Type
		None               void
 Registers used:
		wreg, fsr2l, fsr2h, status,2, status,0, tblptrl, tblptrh, tblptru, prodl, prodh, cstack
 Tracked objects:
		On entry : 
		On exit  : 
		Unchanged: 
 Data sizes:     COMRAM   BANK0   BANK1   BANK2   BANK3   BANK4   BANK5   BANK6   BANK7
      Params:         0       0       0       0       0       0       0       0       0
      Locals:         4       0       0       0       0       0       0       0       0
      Temps:          0       0       0       0       0       0       0       0       0
      Totals:         4       0       0       0       0       0       0       0       0
Total ram usage:        4 bytes
 Hardware stack levels required when called:    6
 This function calls:
		_configOscillator
		_configUSART
		_disk_initialize
		_disk_readsector
		_printf
 This function is called by:
		Startup code after reset
 This function uses a non-reentrant model


 *************** function _disk_readsector *****************
 Defined at:
		line 217 in file "diskio.c"
 Parameters:    Size  Location     Type
  sec             4   43[COMRAM] unsigned long 
 Auto vars:     Size  Location     Type
  res             1   51[COMRAM] unsigned char 
 Return value:  Size  Location     Type
                  1    wreg      unsigned char 
 Registers used:
		wreg, fsr2l, fsr2h, status,2, status,0, tblptrl, tblptrh, tblptru, prodl, prodh, cstack
 Tracked objects:
		On entry : 
		On exit  : 
		Unchanged: 
 Data sizes:     COMRAM   BANK0   BANK1   BANK2   BANK3   BANK4   BANK5   BANK6   BANK7
      Params:         4       0       0       0       0       0       0       0       0
      Locals:         1       0       0       0       0       0       0       0       0
      Temps:          4       0       0       0       0       0       0       0       0
      Totals:         9       0       0       0       0       0       0       0       0
Total ram usage:        9 bytes
 Hardware stack levels used:    1
 Hardware stack levels required when called:    4
 This function calls:
		_SPI_send_cmd
		_disk_readsectordata
		_printf
 This function is called by:
		_main
 This function uses a non-reentrant model


 *************** function _disk_readsectordata *****************
 Defined at:
		line 252 in file "diskio.c"
 Parameters:    Size  Location     Type
		None
 Auto vars:     Size  Location     Type
  x               2   39[COMRAM] int 
  x               2   37[COMRAM] int 
  res             1   36[COMRAM] unsigned char 
 Return value:  Size  Location     Type
                  1    wreg      unsigned char 
 Registers used:
		wreg, fsr2l, fsr2h, status,2, status,0, tblptrl, tblptrh, tblptru, prodl, prodh, cstack
 Tracked objects:
		On entry : 
		On exit  : 
		Unchanged: 
 Data sizes:     COMRAM   BANK0   BANK1   BANK2   BANK3   BANK4   BANK5   BANK6   BANK7
      Params:         0       0       0       0       0       0       0       0       0
      Locals:         5       0       0       0       0       0       0       0       0
      Temps:          1       0       0       0       0       0       0       0       0
      Totals:         6       0       0       0       0       0       0       0       0
Total ram usage:        6 bytes
 Hardware stack levels used:    1
 Hardware stack levels required when called:    3
 This function calls:
		_SPI_MC_Write
		_printf
 This function is called by:
		_disk_readsector
 This function uses a non-reentrant model


 *************** function _disk_initialize *****************
 Defined at:
		line 50 in file "diskio.c"
 Parameters:    Size  Location     Type
		None
 Auto vars:     Size  Location     Type
		None
 Return value:  Size  Location     Type
                  1    wreg      unsigned char 
 Registers used:
		wreg, fsr2l, fsr2h, status,2, status,0, tblptrl, tblptrh, tblptru, prodl, prodh, cstack
 Tracked objects:
		On entry : 
		On exit  : 
		Unchanged: 
 Data sizes:     COMRAM   BANK0   BANK1   BANK2   BANK3   BANK4   BANK5   BANK6   BANK7
      Params:         0       0       0       0       0       0       0       0       0
      Locals:         0       0       0       0       0       0       0       0       0
      Temps:          0       0       0       0       0       0       0       0       0
      Totals:         0       0       0       0       0       0       0       0       0
Total ram usage:        0 bytes
 Hardware stack levels used:    1
 Hardware stack levels required when called:    5
 This function calls:
		_SD_Init
		_printf
 This function is called by:
		_main
 This function uses a non-reentrant model


 *************** function _SD_Init *****************
 Defined at:
		line 75 in file "diskio.c"
 Parameters:    Size  Location     Type
		None
 Auto vars:     Size  Location     Type
  Count           2   44[COMRAM] int 
 Return value:  Size  Location     Type
                  1    wreg      unsigned char 
 Registers used:
		wreg, fsr2l, fsr2h, status,2, status,0, tblptrl, tblptrh, tblptru, prodl, prodh, cstack
 Tracked objects:
		On entry : 
		On exit  : 
		Unchanged: 
 Data sizes:     COMRAM   BANK0   BANK1   BANK2   BANK3   BANK4   BANK5   BANK6   BANK7
      Params:         0       0       0       0       0       0       0       0       0
      Locals:         2       0       0       0       0       0       0       0       0
      Temps:          1       0       0       0       0       0       0       0       0
      Totals:         3       0       0       0       0       0       0       0       0
Total ram usage:        3 bytes
 Hardware stack levels used:    1
 Hardware stack levels required when called:    4
 This function calls:
		_SPI_MC_Close
		_SPI_MC_Initialize
		_SPI_MC_Write
		_SPI_send_cmd
		_printf
 This function is called by:
		_disk_initialize
 This function uses a non-reentrant model


 *************** function _SPI_send_cmd *****************
 Defined at:
		line 152 in file "diskio.c"
 Parameters:    Size  Location     Type
  cmd             1    wreg     unsigned char 
  arg             4   35[COMRAM] unsigned long 
 Auto vars:     Size  Location     Type
  cmd             1   40[COMRAM] unsigned char 
  res             1   42[COMRAM] unsigned char 
  retry           1   41[COMRAM] unsigned char 
  n               1    0        unsigned char 
 Return value:  Size  Location     Type
                  1    wreg      unsigned char 
 Registers used:
		wreg, fsr2l, fsr2h, status,2, status,0, tblptrl, tblptrh, tblptru, prodl, prodh, cstack
 Tracked objects:
		On entry : 
		On exit  : 
		Unchanged: 
 Data sizes:     COMRAM   BANK0   BANK1   BANK2   BANK3   BANK4   BANK5   BANK6   BANK7
      Params:         4       0       0       0       0       0       0       0       0
      Locals:         3       0       0       0       0       0       0       0       0
      Temps:          1       0       0       0       0       0       0       0       0
      Totals:         8       0       0       0       0       0       0       0       0
Total ram usage:        8 bytes
 Hardware stack levels used:    1
 Hardware stack levels required when called:    3
 This function calls:
		_SPI_MC_Write
		_printf
 This function is called by:
		_SD_Init
		_disk_readsector
 This function uses a non-reentrant model


 *************** function _printf *****************
 Defined at:
		line 464 in file "C:\Program Files (x86)\Microchip\xc8\v1.33\sources\common\doprnt.c"
 Parameters:    Size  Location     Type
  f               2   12[COMRAM] PTR const unsigned char 
		 -> STR_19(3), STR_18(8), STR_17(18), STR_16(20), 
		 -> STR_15(14), STR_14(19), STR_13(19), STR_12(23), 
		 -> STR_11(31), STR_10(18), STR_9(22), STR_8(30), 
		 -> STR_7(17), STR_6(22), STR_5(30), STR_4(17), 
		 -> STR_3(25), STR_2(19), STR_1(30), 
 Auto vars:     Size  Location     Type
  idx             1   24[COMRAM] unsigned char 
  _val            5   26[COMRAM] struct .
  width           2   32[COMRAM] int 
  ap              2   22[COMRAM] PTR void [1]
		 -> ?_printf(2), 
  c               1   34[COMRAM] char 
  flag            1   31[COMRAM] unsigned char 
  prec            1   25[COMRAM] char 
 Return value:  Size  Location     Type
                  2   12[COMRAM] int 
 Registers used:
		wreg, fsr2l, fsr2h, status,2, status,0, tblptrl, tblptrh, tblptru, prodl, prodh, cstack
 Tracked objects:
		On entry : 
		On exit  : 
		Unchanged: 
 Data sizes:     COMRAM   BANK0   BANK1   BANK2   BANK3   BANK4   BANK5   BANK6   BANK7
      Params:         6       0       0       0       0       0       0       0       0
      Locals:        13       0       0       0       0       0       0       0       0
      Temps:          4       0       0       0       0       0       0       0       0
      Totals:        23       0       0       0       0       0       0       0       0
Total ram usage:       23 bytes
 Hardware stack levels used:    1
 Hardware stack levels required when called:    2
 This function calls:
		___lwdiv
		___lwmod
		___wmul
		_isdigit
		_putch
 This function is called by:
		_main
		_disk_initialize
		_SD_Init
		_SPI_send_cmd
		_disk_readsector
		_disk_readsectordata
 This function uses a non-reentrant model


 *************** function _putch *****************
 Defined at:
		line 97 in file "PICSD.c"
 Parameters:    Size  Location     Type
  data            1    wreg     unsigned char 
 Auto vars:     Size  Location     Type
  data            1    1[COMRAM] unsigned char 
 Return value:  Size  Location     Type
		None               void
 Registers used:
		wreg, status,2, cstack
 Tracked objects:
		On entry : 
		On exit  : 
		Unchanged: 
 Data sizes:     COMRAM   BANK0   BANK1   BANK2   BANK3   BANK4   BANK5   BANK6   BANK7
      Params:         0       0       0       0       0       0       0       0       0
      Locals:         1       0       0       0       0       0       0       0       0
      Temps:          0       0       0       0       0       0       0       0       0
      Totals:         1       0       0       0       0       0       0       0       0
Total ram usage:        1 bytes
 Hardware stack levels used:    1
 Hardware stack levels required when called:    1
 This function calls:
		_Write1USART
 This function is called by:
		_printf
 This function uses a non-reentrant model


 *************** function _Write1USART *****************
 Defined at:
		line 14 in file "C:\Program Files (x86)\Microchip\xc8\v1.33\sources\pic18\plib\USART\u1write.c"
 Parameters:    Size  Location     Type
  data            1    wreg     unsigned char 
 Auto vars:     Size  Location     Type
  data            1    0[COMRAM] unsigned char 
 Return value:  Size  Location     Type
		None               void
 Registers used:
		wreg
 Tracked objects:
		On entry : 
		On exit  : 
		Unchanged: 
 Data sizes:     COMRAM   BANK0   BANK1   BANK2   BANK3   BANK4   BANK5   BANK6   BANK7
      Params:         0       0       0       0       0       0       0       0       0
      Locals:         1       0       0       0       0       0       0       0       0
      Temps:          0       0       0       0       0       0       0       0       0
      Totals:         1       0       0       0       0       0       0       0       0
Total ram usage:        1 bytes
 Hardware stack levels used:    1
 This function calls:
		Nothing
 This function is called by:
		_putch
 This function uses a non-reentrant model


 *************** function _isdigit *****************
 Defined at:
		line 8 in file "C:\Program Files (x86)\Microchip\xc8\v1.33\sources\common\isdigit.c"
 Parameters:    Size  Location     Type
  c               1    wreg     unsigned char 
 Auto vars:     Size  Location     Type
  c               1    2[COMRAM] unsigned char 
 Return value:  Size  Location     Type
		None               void
 Registers used:
		wreg, status,2, status,0
 Tracked objects:
		On entry : 
		On exit  : 
		Unchanged: 
 Data sizes:     COMRAM   BANK0   BANK1   BANK2   BANK3   BANK4   BANK5   BANK6   BANK7
      Params:         0       0       0       0       0       0       0       0       0
      Locals:         2       0       0       0       0       0       0       0       0
      Temps:          1       0       0       0       0       0       0       0       0
      Totals:         3       0       0       0       0       0       0       0       0
Total ram usage:        3 bytes
 Hardware stack levels used:    1
 This function calls:
		Nothing
 This function is called by:
		_printf
 This function uses a non-reentrant model


 *************** function ___wmul *****************
 Defined at:
		line 15 in file "C:\Program Files (x86)\Microchip\xc8\v1.33\sources\common\Umul16.c"
 Parameters:    Size  Location     Type
  multiplier      2    0[COMRAM] unsigned int 
  multiplicand    2    2[COMRAM] unsigned int 
 Auto vars:     Size  Location     Type
  product         2    4[COMRAM] unsigned int 
 Return value:  Size  Location     Type
                  2    0[COMRAM] unsigned int 
 Registers used:
		wreg, status,2, status,0, prodl, prodh
 Tracked objects:
		On entry : 
		On exit  : 
		Unchanged: 
 Data sizes:     COMRAM   BANK0   BANK1   BANK2   BANK3   BANK4   BANK5   BANK6   BANK7
      Params:         4       0       0       0       0       0       0       0       0
      Locals:         2       0       0       0       0       0       0       0       0
      Temps:          0       0       0       0       0       0       0       0       0
      Totals:         6       0       0       0       0       0       0       0       0
Total ram usage:        6 bytes
 Hardware stack levels used:    1
 This function calls:
		Nothing
 This function is called by:
		_printf
 This function uses a non-reentrant model


 *************** function ___lwmod *****************
 Defined at:
		line 8 in file "C:\Program Files (x86)\Microchip\xc8\v1.33\sources\common\lwmod.c"
 Parameters:    Size  Location     Type
  dividend        2    7[COMRAM] unsigned int 
  divisor         2    9[COMRAM] unsigned int 
 Auto vars:     Size  Location     Type
  counter         1   11[COMRAM] unsigned char 
 Return value:  Size  Location     Type
                  2    7[COMRAM] unsigned int 
 Registers used:
		wreg, status,2, status,0
 Tracked objects:
		On entry : 
		On exit  : 
		Unchanged: 
 Data sizes:     COMRAM   BANK0   BANK1   BANK2   BANK3   BANK4   BANK5   BANK6   BANK7
      Params:         4       0       0       0       0       0       0       0       0
      Locals:         1       0       0       0       0       0       0       0       0
      Temps:          0       0       0       0       0       0       0       0       0
      Totals:         5       0       0       0       0       0       0       0       0
Total ram usage:        5 bytes
 Hardware stack levels used:    1
 This function calls:
		Nothing
 This function is called by:
		_printf
 This function uses a non-reentrant model


 *************** function ___lwdiv *****************
 Defined at:
		line 8 in file "C:\Program Files (x86)\Microchip\xc8\v1.33\sources\common\lwdiv.c"
 Parameters:    Size  Location     Type
  dividend        2    0[COMRAM] unsigned int 
  divisor         2    2[COMRAM] unsigned int 
 Auto vars:     Size  Location     Type
  quotient        2    4[COMRAM] unsigned int 
  counter         1    6[COMRAM] unsigned char 
 Return value:  Size  Location     Type
                  2    0[COMRAM] unsigned int 
 Registers used:
		wreg, status,2, status,0
 Tracked objects:
		On entry : 
		On exit  : 
		Unchanged: 
 Data sizes:     COMRAM   BANK0   BANK1   BANK2   BANK3   BANK4   BANK5   BANK6   BANK7
      Params:         4       0       0       0       0       0       0       0       0
      Locals:         3       0       0       0       0       0       0       0       0
      Temps:          0       0       0       0       0       0       0       0       0
      Totals:         7       0       0       0       0       0       0       0       0
Total ram usage:        7 bytes
 Hardware stack levels used:    1
 This function calls:
		Nothing
 This function is called by:
		_printf
 This function uses a non-reentrant model


 *************** function _SPI_MC_Write *****************
 Defined at:
		line 96 in file "spi_mc.c"
 Parameters:    Size  Location     Type
  data_out        1    wreg     unsigned char 
 Auto vars:     Size  Location     Type
  data_out        1    1[COMRAM] unsigned char 
  TempVar         1    0[COMRAM] unsigned char 
 Return value:  Size  Location     Type
                  1    wreg      unsigned char 
 Registers used:
		wreg, status,2
 Tracked objects:
		On entry : 
		On exit  : 
		Unchanged: 
 Data sizes:     COMRAM   BANK0   BANK1   BANK2   BANK3   BANK4   BANK5   BANK6   BANK7
      Params:         0       0       0       0       0       0       0       0       0
      Locals:         2       0       0       0       0       0       0       0       0
      Temps:          0       0       0       0       0       0       0       0       0
      Totals:         2       0       0       0       0       0       0       0       0
Total ram usage:        2 bytes
 Hardware stack levels used:    1
 This function calls:
		Nothing
 This function is called by:
		_SD_Init
		_SPI_send_cmd
		_disk_readsectordata
 This function uses a non-reentrant model


 *************** function _SPI_MC_Initialize *****************
 Defined at:
		line 41 in file "spi_mc.c"
 Parameters:    Size  Location     Type
		None
 Auto vars:     Size  Location     Type
		None
 Return value:  Size  Location     Type
		None               void
 Registers used:
		wreg, status,2
 Tracked objects:
		On entry : 
		On exit  : 
		Unchanged: 
 Data sizes:     COMRAM   BANK0   BANK1   BANK2   BANK3   BANK4   BANK5   BANK6   BANK7
      Params:         0       0       0       0       0       0       0       0       0
      Locals:         0       0       0       0       0       0       0       0       0
      Temps:          0       0       0       0       0       0       0       0       0
      Totals:         0       0       0       0       0       0       0       0       0
Total ram usage:        0 bytes
 Hardware stack levels used:    1
 This function calls:
		Nothing
 This function is called by:
		_SD_Init
 This function uses a non-reentrant model


 *************** function _SPI_MC_Close *****************
 Defined at:
		line 78 in file "spi_mc.c"
 Parameters:    Size  Location     Type
		None
 Auto vars:     Size  Location     Type
		None
 Return value:  Size  Location     Type
		None               void
 Registers used:
		status,2, status,0
 Tracked objects:
		On entry : 
		On exit  : 
		Unchanged: 
 Data sizes:     COMRAM   BANK0   BANK1   BANK2   BANK3   BANK4   BANK5   BANK6   BANK7
      Params:         0       0       0       0       0       0       0       0       0
      Locals:         0       0       0       0       0       0       0       0       0
      Temps:          0       0       0       0       0       0       0       0       0
      Totals:         0       0       0       0       0       0       0       0       0
Total ram usage:        0 bytes
 Hardware stack levels used:    1
 This function calls:
		Nothing
 This function is called by:
		_SD_Init
 This function uses a non-reentrant model


 *************** function _configUSART *****************
 Defined at:
		line 72 in file "PICSD.c"
 Parameters:    Size  Location     Type
		None
 Auto vars:     Size  Location     Type
  spbrg           1    7[COMRAM] unsigned char 
  config          1    6[COMRAM] unsigned char 
 Return value:  Size  Location     Type
		None               void
 Registers used:
		wreg, status,2, cstack
 Tracked objects:
		On entry : 
		On exit  : 
		Unchanged: 
 Data sizes:     COMRAM   BANK0   BANK1   BANK2   BANK3   BANK4   BANK5   BANK6   BANK7
      Params:         0       0       0       0       0       0       0       0       0
      Locals:         2       0       0       0       0       0       0       0       0
      Temps:          0       0       0       0       0       0       0       0       0
      Totals:         2       0       0       0       0       0       0       0       0
Total ram usage:        2 bytes
 Hardware stack levels used:    1
 Hardware stack levels required when called:    1
 This function calls:
		_Open1USART
 This function is called by:
		_main
 This function uses a non-reentrant model


 *************** function _Open1USART *****************
 Defined at:
		line 124 in file "C:\Program Files (x86)\Microchip\xc8\v1.33\sources\pic18\plib\USART\u1open.c"
 Parameters:    Size  Location     Type
  config          1    wreg     unsigned char 
  spbrg           2    0[COMRAM] unsigned int 
 Auto vars:     Size  Location     Type
  config          1    5[COMRAM] unsigned char 
 Return value:  Size  Location     Type
		None               void
 Registers used:
		wreg, status,2
 Tracked objects:
		On entry : 
		On exit  : 
		Unchanged: 
 Data sizes:     COMRAM   BANK0   BANK1   BANK2   BANK3   BANK4   BANK5   BANK6   BANK7
      Params:         2       0       0       0       0       0       0       0       0
      Locals:         1       0       0       0       0       0       0       0       0
      Temps:          3       0       0       0       0       0       0       0       0
      Totals:         6       0       0       0       0       0       0       0       0
Total ram usage:        6 bytes
 Hardware stack levels used:    1
 This function calls:
		Nothing
 This function is called by:
		_configUSART
 This function uses a non-reentrant model


 *************** function _configOscillator *****************
 Defined at:
		line 44 in file "PICSD.c"
 Parameters:    Size  Location     Type
		None
 Auto vars:     Size  Location     Type
		None
 Return value:  Size  Location     Type
		None               void
 Registers used:
		wreg, status,2
 Tracked objects:
		On entry : 
		On exit  : 
		Unchanged: 
 Data sizes:     COMRAM   BANK0   BANK1   BANK2   BANK3   BANK4   BANK5   BANK6   BANK7
      Params:         0       0       0       0       0       0       0       0       0
      Locals:         0       0       0       0       0       0       0       0       0
      Temps:          0       0       0       0       0       0       0       0       0
      Totals:         0       0       0       0       0       0       0       0       0
Total ram usage:        0 bytes
 Hardware stack levels used:    1
 This function calls:
		Nothing
 This function is called by:
		_main
 This function uses a non-reentrant model



MODULE INFORMATION

Module		Function		Class		Link	Load	Size
diskio.c
		_disk_readsecto		CODE           	78A4	0000	110
		_SPI_send_cmd  		CODE           	79B4	0000	176
		_disk_initializ		CODE           	76B6	0000	24
		_disk_readsecto		CODE           	7912	0000	162
		_SD_Init       		CODE           	7A64	0000	350

diskio.c estimated size: 822

C:\Program Files (x86)\Microchip\xc8\v1.33\sources\common\doprnt.c
		_printf        		CODE           	7BC2	0000	686

C:\Program Files (x86)\Microchip\xc8\v1.33\sources\common\doprnt.c estimated size: 686

C:\Program Files (x86)\Microchip\xc8\v1.33\sources\common\lwmod.c
		___lwmod       		CODE           	776E	0000	66

C:\Program Files (x86)\Microchip\xc8\v1.33\sources\common\lwmod.c estimated size: 66

C:\Program Files (x86)\Microchip\xc8\v1.33\sources\common\Umul16.c
		___wmul        		CODE           	7748	0000	38

C:\Program Files (x86)\Microchip\xc8\v1.33\sources\common\Umul16.c estimated size: 38

C:\Program Files (x86)\Microchip\xc8\v1.33\sources\pic18\plib\USART\u1write.c
		_Write1USART   		CODE           	768E	0000	18

C:\Program Files (x86)\Microchip\xc8\v1.33\sources\pic18\plib\USART\u1write.c estimated size: 18

spi_mc.c
		_SPI_MC_Close  		CODE           	7676	0000	4
		_SPI_MC_Write  		CODE           	76EA	0000	30
		_SPI_MC_Initial		CODE           	76CE	0000	28

spi_mc.c estimated size: 62

C:\Program Files (x86)\Microchip\xc8\v1.33\sources\pic18\plib\USART\u1open.c
		_Open1USART    		CODE           	784C	0000	88

C:\Program Files (x86)\Microchip\xc8\v1.33\sources\pic18\plib\USART\u1open.c estimated size: 88

C:\Program Files (x86)\Microchip\xc8\v1.33\sources\common\lwdiv.c
		___lwdiv       		CODE           	77FA	0000	82

C:\Program Files (x86)\Microchip\xc8\v1.33\sources\common\lwdiv.c estimated size: 82

shared
		__stringdata   		MEDIUMCONST    	7E83	0000	380
		_dpowers       		MEDIUMCONST    	7E71	0000	10
		__initializatio		CODE           	7728	0000	22
		_hexpowers     		MEDIUMCONST    	7E7B	0000	8

shared estimated size: 420

PICSD.c
		_configUSART   		CODE           	76A0	0000	22
		_configOscillat		CODE           	767A	0000	6
		_putch         		CODE           	7680	0000	14
		_main          		CODE           	77B0	0000	74

PICSD.c estimated size: 116

C:\Program Files (x86)\Microchip\xc8\v1.33\sources\common\isdigit.c
		_isdigit       		CODE           	7708	0000	32

C:\Program Files (x86)\Microchip\xc8\v1.33\sources\common\isdigit.c estimated size: 32

